emul-mips>emul-mips>$t1: 0x1f4
emul-mips>exiting mips emulator...
