ERROR 440: usage: disasm address:address or disasm address+offset
ERROR 449: invalid argument for disasm
ERROR 440: usage: disasm address:address or disasm address+offset
ERROR 444: disasm must be inside text segment
ERROR 444: disasm must be inside text segment
ERROR 447: all addresses must be aligned
ERROR 447: all addresses must be aligned
starting emulator with no elf file loaded!
to load new file: load <file> <start of memory>
emul-mips>
---NEW FILE LOADED:  test/test_elf.o ---
Virtual memory map (3 segments)
.text   	r-x	Vaddr: 0x00003000	Size: 24 bytes
.data   	rw-	Vaddr: 0x00004000	Size: 4 bytes
.bss    	rw-	Vaddr: 0x00005000	Size: 0 bytes

raw content of segment .text:

  0x00000000 0x2009000c 0x00005020 0x214a0001 0x1549fffe 
  0x00000010 0x00000000 0x00005020 
raw content of segment .data:

  0x00000000 0x00000004 
raw content of segment .bss:
emul-mips>emul-mips>emul-mips>emul-mips>emul-mips>emul-mips>emul-mips>emul-mips>emul-mips>emul-mips>00003000 :: 2009000c  ADDI $t1, $zero, 0xc
00003004 :: 00005020  ADD $t2, $zero, $zero
00003008 :: 214a0001  ADDI $t2, $t2, 0x1
emul-mips>00003000 :: 2009000c	ADDI $t1, $zero, 0xc
00003014 :: 00005020	ADD $t2, $zero, $zero
emul-mips>emul-mips>exiting mips emulator...
