starting emulator with no elf file loaded!
to load new file: load <file> <start of memory>
emul-mips> load test/test_elf.o 0x3000

---NEW FILE LOADED:  test/test_elf.o ---
Virtual memory map (3 segments)
.text   	r-x	Vaddr: 0x00003000	Size: 24 bytes
.data   	rw-	Vaddr: 0x00004000	Size: 4 bytes
.bss    	rw-	Vaddr: 0x00005000	Size: 0 bytes

raw content of segment .text:

  0x00000000 0x2009000c 0x00005020 0x214a0001 0x1549fffe 
  0x00000010 0x00000000 0x00005020 
raw content of segment .data:

  0x00000000 0x00000004 
raw content of segment .bss:
emul-mips> set reg
ERROR 410: too few arguments for function
emul-mips> set reg asd iasdo
ERROR 419: argument <value> out of bounds
emul-mips> set reg asidj 0x12
ERROR 417: bad register name (lookup)
emul-mips> set reg $t1 ssuhd
ERROR 419: argument <value> out of bounds
emul-mips> set reg $t1 0x10 23 2394 389 dij
ERROR 411: too many arguments for function
emul-mips> set reg $zero 0x10
WARNING 4171:register $zero can't be overwritten, was not overwritten
emul-mips> set reg $t1 500
emul-mips> disp reg $t1
$t1: 0x1f4
emul-mips> disp reg $zero
$zero: 0x0
emul-mips> exit
exiting mips emulator...
