emul-mips>emul-mips>0x8: 0x0
0x9: 0x0
0xa: 0x13
0xb: 0x88
emul-mips>exiting mips emulator...
