filename: ./test/testscript.elf


.data

out_string: .asciiz "Hello, World!"
.text 
main: 
li $v0, 4 
la $a0, out_string
syscall
li
$v0, 10 


emul-mips>exiting mips emulator...
