ERROR 417: bad register name (lookup)
emul-mips>emul-mips>exiting mips emulator...
