ERROR 3: operation not permitted until a file is loaded
ERROR 450: usage: break add addresses, break del addressess/all, break list
ERROR 454: all addresess must be aligned
ERROR 453: can't add breakpoints to area other than text
ERROR 454: all addresess must be aligned
starting emulator with no elf file loaded!
to load new file: load <file> <start of memory>
emul-mips>emul-mips>
---NEW FILE LOADED:  test/test_elf.o ---
Virtual memory map (3 segments)
.text   	r-x	Vaddr: 0x00003000	Size: 24 bytes
.data   	rw-	Vaddr: 0x00004000	Size: 4 bytes
.bss    	rw-	Vaddr: 0x00005000	Size: 0 bytes

raw content of segment .text:

  0x00000000 0x2009000c 0x00005020 0x214a0001 0x1549fffe 
  0x00000010 0x00000000 0x00005020 
raw content of segment .data:

  0x00000000 0x00000004 
raw content of segment .bss:
emul-mips>emul-mips>emul-mips>emul-mips>breakpoint added at address 0x00003000
emul-mips>breakpoint added at address 0x00003000
breakpoint added at address 0x00003004
emul-mips>emul-mips>emul-mips>emul-mips>emul-mips>breakpoint added at address 0x00003000
breakpoint added at address 0x00003004
emul-mips>breakpoint removed at address 0x00003000
emul-mips>0x00003000
0x00003004
0x00003000
0x00003004
emul-mips>breakpoint removed at address 0x00003000
breakpoint removed at address 0x00003004
emul-mips>0x00003000
0x00003004
emul-mips>exiting mips emulator...
