ERROR 419: argument <value> out of bounds
ERROR 419: argument <value> out of bounds
emul-mips>emul-mips>emul-mips>exiting mips emulator...
