emul-mips>emul-mips>a: f
emul-mips>exiting mips emulator...
